// Vitest Snapshot v1, https://vitest.dev/guide/snapshot.html

exports[`Theme V2 builtins > matches the reviewed current design for plvs-dark 1`] = `
{
  "canvas": {
    "loudness.momentary": "#fb923c",
    "loudness.shortTerm": "#c66a2a",
    "spectrogram.axisLabel": "#b0b0b0",
    "spectrogram.grid": "#282828",
    "spectrogram.ink": "#959595",
    "spectrogram.intensity": [
      {
        "color": "#000004",
        "position": 0,
      },
      {
        "color": "#1e0c2f",
        "position": 0.10196078431372549,
      },
      {
        "color": "#420f6e",
        "position": 0.2,
      },
      {
        "color": "#710c8c",
        "position": 0.30196078431372547,
      },
      {
        "color": "#9e0c8f",
        "position": 0.4,
      },
      {
        "color": "#cb197f",
        "position": 0.5019607843137255,
      },
      {
        "color": "#e74152",
        "position": 0.6,
      },
      {
        "color": "#f5821e",
        "position": 0.7019607843137254,
      },
      {
        "color": "#fbc40a",
        "position": 0.8,
      },
      {
        "color": "#fceb64",
        "position": 0.9019607843137255,
      },
      {
        "color": "#fcffa4",
        "position": 1,
      },
    ],
    "spectrogram.selection": "#fbd34d",
    "spectrogram.surfaceInk": "#f2f2f2",
    "spectrum.primary": "#fb923c",
    "spectrum.secondary": "#209bda",
    "stereoMap.criticalRange": "#f97373",
    "stereoMap.fillOpacity": 0.2,
    "stereoMap.grid": "#282828",
    "stereoMap.primary": "#fb923c",
    "stereoMap.primarySnapshot": "#fbd34d",
    "stereoMap.safeRange": "#34d399",
    "stereoMap.secondary": "#209bda",
    "stereoMap.secondarySnapshot": "#9cafff",
    "stereoMap.warningRange": "#fbbf24",
    "vectorscope.guides": "#282828",
    "vectorscope.snapshot": "#fbd34d",
    "vectorscope.trace": "#fb923c",
    "waveform.centroid": "#f2f2f2",
    "waveform.fillOpacity": 0.12,
    "waveform.frequencyHigh": "#356dff",
    "waveform.frequencyLow": "#ff2d3d",
    "waveform.frequencyMid": "#fb923c",
    "waveform.frequencyNeutral": "#4c4c4c",
    "waveform.selection": "#fbd34d",
    "waveform.snapshot": "#fbd34d",
    "waveform.trace": "#fb923c",
  },
  "css": {
    "--accent": "#3b2410",
    "--accent-foreground": "#f2f2f2",
    "--background": "#070707",
    "--border": "rgba(255, 255, 255, 0.09)",
    "--card": "#151515",
    "--card-foreground": "#f2f2f2",
    "--destructive": "#b83238",
    "--destructive-foreground": "#f2f2f2",
    "--foreground": "#f2f2f2",
    "--input": "rgba(255, 255, 255, 0.14)",
    "--muted": "#191919",
    "--muted-foreground": "#959595",
    "--popover": "#1c1c1c",
    "--popover-foreground": "#f2f2f2",
    "--primary": "#b35300",
    "--primary-foreground": "#f2f2f2",
    "--ring": "#b35300",
    "--secondary": "#272727",
    "--secondary-foreground": "#f2f2f2",
    "--ui-activity-live": "#b83238",
    "--ui-activity-snapshot": "#936000",
    "--ui-content-on-success": "#f2f2f2",
    "--ui-content-on-warning": "#f2f2f2",
    "--ui-feedback-danger": "#b83238",
    "--ui-feedback-success": "#147a54",
    "--ui-feedback-warning": "#936000",
    "--ui-interface-danger": "#b83238",
    "--ui-interface-success": "#147a54",
    "--ui-interface-warning": "#936000",
    "--ui-level-critical": "#f97373",
    "--ui-level-safe": "#34d399",
    "--ui-level-warning": "#fbbf24",
    "--ui-loudness-grid": "#282828",
    "--ui-loudness-momentary": "#fb923c",
    "--ui-loudness-momentary-snap": "#fbd34d",
    "--ui-loudness-reference": "#b0b0b0",
    "--ui-loudness-selection": "#fbd34d",
    "--ui-loudness-shortterm": "#c66a2a",
    "--ui-loudness-shortterm-snap": "#cea536",
    "--ui-meter-gradient-bottom": "#34d399",
    "--ui-meter-gradient-mid": "#fbbf24",
    "--ui-meter-gradient-top": "#f97373",
    "--ui-shadow-color": "rgba(7, 7, 7, 0.5)",
    "--ui-spectrum-fill-bottom-opacity": "0.02",
    "--ui-spectrum-fill-top-opacity": "0.2",
    "--ui-spectrum-grid": "#282828",
    "--ui-spectrum-primary": "#fb923c",
    "--ui-spectrum-primary-snap": "#fbd34d",
    "--ui-spectrum-secondary": "#209bda",
    "--ui-spectrum-secondary-snap": "#9cafff",
    "--ui-stats-critical-value": "#f97373",
    "--ui-stats-warning-value": "#fbbf24",
    "--ui-stereo-map-primary": "#fb923c",
    "--ui-stereo-map-primary-snap": "#fbd34d",
    "--ui-stereo-map-secondary": "#209bda",
    "--ui-stereo-map-secondary-snap": "#9cafff",
    "--ui-text-annotation": "#b0b0b0",
    "--ui-vectorscope-correlation-critical": "#f97373",
    "--ui-vectorscope-correlation-safe": "#34d399",
    "--ui-vectorscope-correlation-warning": "#fbbf24",
    "--ui-vectorscope-guides-stroke": "#282828",
    "--ui-vectorscope-trace": "#fb923c",
    "--ui-vectorscope-trace-snap": "#fbd34d",
    "--ui-waveform-centroid": "#f2f2f2",
    "--ui-waveform-critical-range": "#f97373",
    "--ui-waveform-frequency-high": "#356dff",
    "--ui-waveform-frequency-low": "#ff2d3d",
    "--ui-waveform-frequency-mid": "#fb923c",
    "--ui-waveform-frequency-neutral": "#4c4c4c",
    "--ui-waveform-trace": "#fb923c",
    "--ui-waveform-trace-snap": "#fbd34d",
    "--ui-waveform-warning-range": "#fbbf24",
  },
  "native": {
    "colorScheme": "dark",
  },
}
`;

exports[`Theme V2 builtins > matches the reviewed current design for plvs-light 1`] = `
{
  "canvas": {
    "loudness.momentary": "#d16718",
    "loudness.shortTerm": "#8f3400",
    "spectrogram.axisLabel": "#58524e",
    "spectrogram.grid": "#e1dedb",
    "spectrogram.ink": "#6a6461",
    "spectrogram.intensity": [
      {
        "color": "#000004",
        "position": 0,
      },
      {
        "color": "#1e0c2f",
        "position": 0.10196078431372549,
      },
      {
        "color": "#420f6e",
        "position": 0.2,
      },
      {
        "color": "#710c8c",
        "position": 0.30196078431372547,
      },
      {
        "color": "#9e0c8f",
        "position": 0.4,
      },
      {
        "color": "#cb197f",
        "position": 0.5019607843137255,
      },
      {
        "color": "#e74152",
        "position": 0.6,
      },
      {
        "color": "#f5821e",
        "position": 0.7019607843137254,
      },
      {
        "color": "#fbc40a",
        "position": 0.8,
      },
      {
        "color": "#fceb64",
        "position": 0.9019607843137255,
      },
      {
        "color": "#fcffa4",
        "position": 1,
      },
    ],
    "spectrogram.selection": "#8a4700",
    "spectrogram.surfaceInk": "#140e0a",
    "spectrum.primary": "#d16718",
    "spectrum.secondary": "#0e7490",
    "stereoMap.criticalRange": "#d03535",
    "stereoMap.fillOpacity": 0.2,
    "stereoMap.grid": "#e1dedb",
    "stereoMap.primary": "#d16718",
    "stereoMap.primarySnapshot": "#8a4700",
    "stereoMap.safeRange": "#18976a",
    "stereoMap.secondary": "#0e7490",
    "stereoMap.secondarySnapshot": "#104160",
    "stereoMap.warningRange": "#9f6200",
    "vectorscope.guides": "#e1dedb",
    "vectorscope.snapshot": "#8a4700",
    "vectorscope.trace": "#d16718",
    "waveform.centroid": "#140e0a",
    "waveform.fillOpacity": 0.12,
    "waveform.frequencyHigh": "#3730a3",
    "waveform.frequencyLow": "#d9481c",
    "waveform.frequencyMid": "#c06f00",
    "waveform.frequencyNeutral": "#aeacab",
    "waveform.selection": "#8a4700",
    "waveform.snapshot": "#8a4700",
    "waveform.trace": "#d16718",
  },
  "css": {
    "--accent": "#e9ceb9",
    "--accent-foreground": "#140e0a",
    "--background": "#fbf8f5",
    "--border": "rgba(0, 0, 0, 0.1)",
    "--card": "#f5f1ee",
    "--card-foreground": "#140e0a",
    "--destructive": "#e43b46",
    "--destructive-foreground": "#140e0a",
    "--foreground": "#140e0a",
    "--input": "rgba(0, 0, 0, 0.14)",
    "--muted": "#f1ece9",
    "--muted-foreground": "#6a6461",
    "--popover": "#eeeae7",
    "--popover-foreground": "#140e0a",
    "--primary": "#c45f13",
    "--primary-foreground": "#140e0a",
    "--ring": "#c45f13",
    "--secondary": "#e3dfdc",
    "--secondary-foreground": "#140e0a",
    "--ui-activity-live": "#e43b46",
    "--ui-activity-snapshot": "#b17000",
    "--ui-content-on-success": "#140e0a",
    "--ui-content-on-warning": "#140e0a",
    "--ui-feedback-danger": "#e43b46",
    "--ui-feedback-success": "#1a9064",
    "--ui-feedback-warning": "#b17000",
    "--ui-interface-danger": "#e43b46",
    "--ui-interface-success": "#1a9064",
    "--ui-interface-warning": "#b17000",
    "--ui-level-critical": "#d03535",
    "--ui-level-safe": "#18976a",
    "--ui-level-warning": "#9f6200",
    "--ui-loudness-grid": "#e1dedb",
    "--ui-loudness-momentary": "#d16718",
    "--ui-loudness-momentary-snap": "#8a4700",
    "--ui-loudness-reference": "#58524e",
    "--ui-loudness-selection": "#8a4700",
    "--ui-loudness-shortterm": "#8f3400",
    "--ui-loudness-shortterm-snap": "#511500",
    "--ui-meter-gradient-bottom": "#18976a",
    "--ui-meter-gradient-mid": "#9f6200",
    "--ui-meter-gradient-top": "#d03535",
    "--ui-shadow-color": "rgba(20, 14, 10, 0.18)",
    "--ui-spectrum-fill-bottom-opacity": "0.02",
    "--ui-spectrum-fill-top-opacity": "0.2",
    "--ui-spectrum-grid": "#e1dedb",
    "--ui-spectrum-primary": "#d16718",
    "--ui-spectrum-primary-snap": "#8a4700",
    "--ui-spectrum-secondary": "#0e7490",
    "--ui-spectrum-secondary-snap": "#104160",
    "--ui-stats-critical-value": "#d03535",
    "--ui-stats-warning-value": "#9f6200",
    "--ui-stereo-map-primary": "#d16718",
    "--ui-stereo-map-primary-snap": "#8a4700",
    "--ui-stereo-map-secondary": "#0e7490",
    "--ui-stereo-map-secondary-snap": "#104160",
    "--ui-text-annotation": "#58524e",
    "--ui-vectorscope-correlation-critical": "#d03535",
    "--ui-vectorscope-correlation-safe": "#18976a",
    "--ui-vectorscope-correlation-warning": "#9f6200",
    "--ui-vectorscope-guides-stroke": "#e1dedb",
    "--ui-vectorscope-trace": "#d16718",
    "--ui-vectorscope-trace-snap": "#8a4700",
    "--ui-waveform-centroid": "#140e0a",
    "--ui-waveform-critical-range": "#d03535",
    "--ui-waveform-frequency-high": "#3730a3",
    "--ui-waveform-frequency-low": "#d9481c",
    "--ui-waveform-frequency-mid": "#c06f00",
    "--ui-waveform-frequency-neutral": "#aeacab",
    "--ui-waveform-trace": "#d16718",
    "--ui-waveform-trace-snap": "#8a4700",
    "--ui-waveform-warning-range": "#9f6200",
  },
  "native": {
    "colorScheme": "light",
  },
}
`;
